// Jest Snapshot v1, https://goo.gl/fbAQLP

exports[`Header renders correctly 1`] = `<div />`;

exports[`SEO Component Can render a regular page 1`] = `null`;

exports[`SEO Component Can render a regular page SEO component 1`] = `null`;

exports[`SEO Component Regular Page Can render a regular page 1`] = `null`;

exports[`SEO Component Regular Page Renders without error 1`] = `null`;

exports[`SEO Component renders correctly 1`] = `null`;
